// Jest Snapshot v1, https://goo.gl/fbAQLP

exports[`container <Timer /> should be same as snapshot 1`] = `"<div><span><!-- react-text: 3 -->資料最後更新時間：<!-- /react-text --><!-- react-text: 4 -->Sun Aug 06 2017 00:41:54 GMT+0800 (CST)<!-- /react-text --></span><a>更新</a></div>"`;
